// Vitest Snapshot v1, https://vitest.dev/guide/snapshot.html

exports[`LandingView > renders the tagline + Build it button + examples 1`] = `
<DocumentFragment>
  <div
    class="empty"
  >
    <section
      class="landing-hero"
    >
      <div
        class="orb orb-1"
      />
      <div
        class="orb orb-2"
      />
      <div
        class="eyebrow"
      >
        <span
          class="pill"
        >
          v0 · beta
        </span>
        <span>
          AI builds the hardware project you describe
        </span>
      </div>
      <h1
        class="landing-tagline"
      >
        Type your idea.
        <br />
        <span
          class="accent"
        >
          We'll build it.
        </span>
      </h1>
      <p
        class="landing-sub"
      >
        Describe what you want to make in the box below. We'll pick the parts, write the code, and teach you what every piece does.
      </p>
      <div
        class="empty-input-wrap"
      >
        <input
          placeholder="e.g. a robot arm that waves when something gets close..."
          type="text"
          value=""
        />
        <button
          disabled=""
        >
          Build it
          <svg
            fill="none"
            height="14"
            stroke="currentColor"
            stroke-linecap="round"
            stroke-linejoin="round"
            stroke-width="2.5"
            viewBox="0 0 24 24"
            width="14"
          >
            <line
              x1="5"
              x2="19"
              y1="12"
              y2="12"
            />
            <polyline
              points="12 5 19 12 12 19"
            />
          </svg>
        </button>
      </div>
      <div
        class="examples"
      >
        <span
          class="example-label"
        >
          Or try one of these
        </span>
        <button
          class="chip"
        >
          a robot arm that waves when something gets close
        </button>
        <button
          class="chip"
        >
          a gate that opens when I walk up to it
        </button>
        <button
          class="chip"
        >
          a desk lamp that turns on when my hand is over it
        </button>
      </div>
      <button
        class="see-example"
      >
        <span>
          or — see a finished project first
        </span>
        <svg
          fill="none"
          height="14"
          stroke="currentColor"
          stroke-linecap="round"
          stroke-linejoin="round"
          stroke-width="2"
          viewBox="0 0 24 24"
          width="14"
        >
          <line
            x1="7"
            x2="17"
            y1="17"
            y2="7"
          />
          <polyline
            points="7 7 17 7 17 17"
          />
        </svg>
      </button>
    </section>
    <div
      class="trust-strip"
    >
      <div
        class="trust-item"
      >
        <span
          class="dot"
        />
         Built for absolute beginners
      </div>
      <div
        class="trust-item"
      >
        <span
          class="dot"
        />
         Real code you can trust, fully commented
      </div>
      <div
        class="trust-item"
      >
        <span
          class="dot"
        />
         Flash to your board in one click
      </div>
    </div>
    <div
      class="scope-strip"
    >
      <span
        class="scope-label"
      >
        Today
      </span>
      <span>
        Arduino Uno
      </span>
      <span
        class="scope-divider"
      >
        ·
      </span>
      <span
        class="scope-label"
      >
        Coming soon
      </span>
      <span>
        ESP32 · Pi Pico · custom maker projects · 3D-printed parts · drones · robotics
      </span>
    </div>
    <section
      class="landing-section"
    >
      <div
        class="section-eyebrow"
      >
        What you'll see
      </div>
      <h2
        class="section-title"
      >
        Four views of your project, generated in seconds
      </h2>
      <p
        class="section-sub"
      >
        Every Volteux project gives you the same four panels — so you understand what you're building from every angle.
      </p>
      <div
        class="preview-grid"
      >
        <div
          class="preview-card"
        >
          <div
            class="icon"
          >
            <svg
              fill="none"
              height="20"
              stroke="currentColor"
              stroke-linecap="round"
              stroke-linejoin="round"
              stroke-width="2"
              viewBox="0 0 24 24"
              width="20"
            >
              <polygon
                points="12 2 2 7 12 12 22 7 12 2"
              />
              <polyline
                points="2 17 12 22 22 17"
              />
              <polyline
                points="2 12 12 17 22 12"
              />
            </svg>
          </div>
          <h3>
            3D component view
          </h3>
          <p>
            An interactive scene of every part. Click a component to learn what it is and what it does.
          </p>
        </div>
        <div
          class="preview-card"
        >
          <div
            class="icon"
          >
            <svg
              fill="none"
              height="20"
              stroke="currentColor"
              stroke-linecap="round"
              stroke-linejoin="round"
              stroke-width="2"
              viewBox="0 0 24 24"
              width="20"
            >
              <rect
                height="12"
                rx="2"
                width="18"
                x="3"
                y="6"
              />
              <path
                d="M7 6v12M11 6v12M15 6v12"
              />
            </svg>
          </div>
          <h3>
            Wiring diagram
          </h3>
          <p>
            A clean, color-coded breadboard layout you can copy when your real parts arrive.
          </p>
        </div>
        <div
          class="preview-card"
        >
          <div
            class="icon"
          >
            <svg
              fill="none"
              height="20"
              stroke="currentColor"
              stroke-linecap="round"
              stroke-linejoin="round"
              stroke-width="2"
              viewBox="0 0 24 24"
              width="20"
            >
              <polyline
                points="16 18 22 12 16 6"
              />
              <polyline
                points="8 6 2 12 8 18"
              />
            </svg>
          </div>
          <h3>
            Arduino sketch
          </h3>
          <p>
            The full C++ code with beginner-friendly comments explaining what every section does.
          </p>
        </div>
        <div
          class="preview-card"
        >
          <div
            class="icon"
          >
            <svg
              fill="none"
              height="20"
              stroke="currentColor"
              stroke-linecap="round"
              stroke-linejoin="round"
              stroke-width="2"
              viewBox="0 0 24 24"
              width="20"
            >
              <circle
                cx="9"
                cy="21"
                r="1"
              />
              <circle
                cx="20"
                cy="21"
                r="1"
              />
              <path
                d="M1 1h4l2.68 13.39a2 2 0 0 0 2 1.61h9.72a2 2 0 0 0 2-1.61L23 6H6"
              />
            </svg>
          </div>
          <h3>
            Parts to buy
          </h3>
          <p>
            An Adafruit cart pre-filled with exactly what you need. Already own something? Just check it off.
          </p>
        </div>
      </div>
    </section>
    <section
      class="landing-section"
    >
      <div
        class="section-eyebrow"
      >
        How it works
      </div>
      <h2
        class="section-title"
      >
        From idea to flashed Arduino in three steps
      </h2>
      <p
        class="section-sub"
      >
        No prior electronics experience required. Volteux is built for the person who just opened their first kit.
      </p>
      <div
        class="steps-grid"
      >
        <div
          class="step-card"
        >
          <span
            class="num"
          >
            01
          </span>
          <h3>
            Tell us your idea
          </h3>
          <p>
            Type what you want to build in plain English. "A light that turns on when my hand is over it." Anything that fits an Arduino starter kit project.
          </p>
        </div>
        <div
          class="step-card"
        >
          <span
            class="num"
          >
            02
          </span>
          <h3>
            We design it in seconds
          </h3>
          <p>
            Volteux picks the right parts, writes your code, lays out the wiring, and renders an interactive view of the whole build.
          </p>
        </div>
        <div
          class="step-card"
        >
          <span
            class="num"
          >
            03
          </span>
          <h3>
            Buy parts. Flash. Done.
          </h3>
          <p>
            One click sends a pre-filled cart to your parts supplier. When your hardware arrives, plug in your board and click Flash — your code is on it in seconds.
          </p>
        </div>
      </div>
    </section>
    <footer
      class="landing-footer"
    >
      <div
        class="wordmark"
      >
        Volteux
        <span
          class="dot"
        >
          .
        </span>
      </div>
      <div>
        v0 · for absolute beginners
      </div>
      <div
        class="links"
      >
        <a
          href="#"
        >
          GitHub
        </a>
        <a
          href="#"
        >
          How it works
        </a>
        <a
          href="#"
        >
          Adafruit kit
        </a>
      </div>
    </footer>
  </div>
</DocumentFragment>
`;
